[demo.kaliumtheme.com/landing/index.html]
[backblue.gif]
[fade.gif]
[index.html]
[demo.kaliumtheme.com/landing/comments/feed/index.html]
[demo.kaliumtheme.com/landing/feed/index.html]
[demokaliumsites-laborator.netdna-ssl.com/landing/wp-content/plugins/revslider/public/assets/css/settings035f.css]
[demokaliumsites-laborator.netdna-ssl.com/landing/wp-content/themes/kalium/assets/css/bootstrap.css]
[demokaliumsites-laborator.netdna-ssl.com/landing/wp-content/themes/kalium/style6b25.css]
[demokaliumsites-laborator.netdna-ssl.com/landing/wp-content/themes/kalium/assets/css/custom-skin1325.css]
[demokaliumsites-laborator.netdna-ssl.com/landing/wp-content/themes/kalium/assets/css/main6b25.css]
[demokaliumsites-laborator.netdna-ssl.com/landing/wp-content/plugins/js_composer/assets/css/js_composer.min7661.css]
[demokaliumsites-laborator.netdna-ssl.com/landing/wp-includes/js/jquery/jquery-migrate.min330a.js]
[demokaliumsites-laborator.netdna-ssl.com/landing/wp-includes/js/jquery/jqueryb8ff.js]
[demokaliumsites-laborator.netdna-ssl.com/landing/wp-content/plugins/revslider/public/assets/js/jquery.themepunch.revolution.min035f.js]
[demo.kaliumtheme.com/landing/wp-json/index.html]
[demo.kaliumtheme.com/landing/xmlrpc0db0.php]
[demo.kaliumtheme.com/landing/wp-json/oembed/1.0/embedb0fb.json]
[demo.kaliumtheme.com/landing/wp-json/oembed/1.0/embed9bbc]
[connect.facebook.net/en_US/fbevents.js]
[demokaliumsites-laborator.netdna-ssl.com/landing/wp-content/uploads/2016/06/favicon.png]
[demokaliumsites-laborator.netdna-ssl.com/landing/wp-content/uploads/2016/05/bg-1d9e6.png]
[demokaliumsites-laborator.netdna-ssl.com/landing/wp-content/uploads/2016/05/logo.png]
[demokaliumsites-laborator.netdna-ssl.com/landing/wp-content/plugins/revslider/admin/assets/images/dummy.png]
[demokaliumsites-laborator.netdna-ssl.com/landing/wp-content/uploads/2016/05/devices.png]
[demokaliumsites-laborator.netdna-ssl.com/landing/wp-content/uploads/2016/05/timemachine.png]
[demokaliumsites-laborator.netdna-ssl.com/landing/wp-content/uploads/2016/05/personalized.png]
[demokaliumsites-laborator.netdna-ssl.com/landing/wp-content/uploads/2016/05/gallery.png]
[demokaliumsites-laborator.netdna-ssl.com/landing/wp-content/uploads/2016/05/worldmap.png]
[demokaliumsites-laborator.netdna-ssl.com/landing/wp-content/uploads/2016/05/settings.png]
[demokaliumsites-laborator.netdna-ssl.com/landing/wp-content/uploads/2016/05/phone.png]
[demokaliumsites-laborator.netdna-ssl.com/landing/wp-content/uploads/2016/05/weather-2.png]
[demokaliumsites-laborator.netdna-ssl.com/landing/wp-content/uploads/2016/05/weather-3.png]
[demokaliumsites-laborator.netdna-ssl.com/landing/wp-content/uploads/2016/05/weather-4.png]
[demokaliumsites-laborator.netdna-ssl.com/landing/wp-content/uploads/2016/05/weather-5.png]
[demokaliumsites-laborator.netdna-ssl.com/landing/wp-content/uploads/2016/05/weather-6.png]
[demokaliumsites-laborator.netdna-ssl.com/landing/wp-content/uploads/2016/05/sky.png]
[demokaliumsites-laborator.netdna-ssl.com/landing/wp-content/uploads/2016/05/clouds.png]
[demokaliumsites-laborator.netdna-ssl.com/landing/wp-content/uploads/2016/05/watch-1.png]
[demokaliumsites-laborator.netdna-ssl.com/landing/wp-content/uploads/2016/05/watch-2.png]
[demokaliumsites-laborator.netdna-ssl.com/landing/wp-content/uploads/2016/05/watch-3.png]
[demokaliumsites-laborator.netdna-ssl.com/landing/wp-content/uploads/2016/05/phones-1.png]
[demokaliumsites-laborator.netdna-ssl.com/landing/wp-content/uploads/2016/05/googplay-300x81.png]
[demokaliumsites-laborator.netdna-ssl.com/landing/wp-content/plugins/js_composer/assets/js/dist/js_composer_front.min7661.js]
[demokaliumsites-laborator.netdna-ssl.com/landing/wp-content/plugins/js_composer/assets/lib/waypoints/waypoints.min7661.js]
[www.google-analytics.com/analytics.js]
[www.googleadservices.com/pagead/f.txt]
[demo.kaliumtheme.com/landing/index.html]
[demokaliumsites-laborator.netdna-ssl.com/landing/wp-content/plugins/revslider/public/assets/assets/gridtile.png]
[demokaliumsites-laborator.netdna-ssl.com/landing/wp-content/plugins/revslider/public/assets/assets/gridtile_white.png]
[demokaliumsites-laborator.netdna-ssl.com/landing/wp-content/plugins/revslider/public/assets/assets/gridtile_3x3.png]
[demokaliumsites-laborator.netdna-ssl.com/landing/wp-content/plugins/revslider/public/assets/assets/gridtile_3x3_white.png]
[demokaliumsites-laborator.netdna-ssl.com/landing/wp-content/plugins/revslider/public/assets/assets/coloredbg.png]
[demokaliumsites-laborator.netdna-ssl.com/landing/wp-content/plugins/revslider/public/assets/assets/loader.gif]
[demokaliumsites-laborator.netdna-ssl.com/landing/wp-content/plugins/revslider/public/assets/css/settings035f.css]
[demokaliumsites-laborator.netdna-ssl.com/landing/wp-content/themes/kalium/assets/css/bootstrap.css]
[demokaliumsites-laborator.netdna-ssl.com/landing/wp-content/themes/kalium/assets/css/fonts/font-awesome/fonts/fontawesome-webfont3e6e.woff]
[demokaliumsites-laborator.netdna-ssl.com/landing/wp-content/themes/kalium/assets/css/fonts/font-awesome/fonts/fontawesome-webfontd41d.eot]
[demokaliumsites-laborator.netdna-ssl.com/landing/wp-content/themes/kalium/assets/css/fonts/font-awesome/fonts/fontawesome-webfont3e6e.ttf]
[demokaliumsites-laborator.netdna-ssl.com/landing/wp-content/themes/kalium/assets/css/fonts/linea-iconfont/fonts/linea.eot]
[demokaliumsites-laborator.netdna-ssl.com/landing/wp-content/themes/kalium/assets/css/fonts/linea-iconfont/fonts/linea.woff]
[demokaliumsites-laborator.netdna-ssl.com/landing/wp-content/themes/kalium/assets/css/fonts/linea-iconfont/fonts/linea.ttf]
[demokaliumsites-laborator.netdna-ssl.com/landing/wp-content/themes/kalium/assets/css/fonts/flaticons-custom/flaticon.eot]
[demokaliumsites-laborator.netdna-ssl.com/landing/wp-content/themes/kalium/assets/css/fonts/flaticons-custom/flaticon.woff]
[demokaliumsites-laborator.netdna-ssl.com/landing/wp-content/themes/kalium/assets/css/fonts/flaticons-custom/flaticon.ttf]
[demokaliumsites-laborator.netdna-ssl.com/landing/wp-content/themes/kalium/assets/css/fonts/flaticons-custom/flaticon.svg]
[demokaliumsites-laborator.netdna-ssl.com/landing/wp-content/themes/kalium/assets/images/icons/open-lightbox-icon.png]
[demokaliumsites-laborator.netdna-ssl.com/landing/wp-content/themes/kalium/assets/images/icons/lg-preloader-dark.gif]
[demokaliumsites-laborator.netdna-ssl.com/landing/wp-content/themes/kalium/assets/images/icons/lg-preloader.gif]
[demokaliumsites-laborator.netdna-ssl.com/landing/wp-content/themes/kalium/assets/images/icons/shop-spinner-icons.png]
[demokaliumsites-laborator.netdna-ssl.com/landing/wp-content/themes/kalium/assets/css/main6b25.css]
[demokaliumsites-laborator.netdna-ssl.com/landing/wp-content/themes/kalium/style6b25.css]
[demokaliumsites-laborator.netdna-ssl.com/landing/wp-content/themes/kalium/assets/css/custom-skin1325.css]
[demokaliumsites-laborator.netdna-ssl.com/landing/wp-content/plugins/js_composer/assets/vc/alert.png]
[demokaliumsites-laborator.netdna-ssl.com/landing/wp-content/plugins/js_composer/assets/vc/info.png]
[demokaliumsites-laborator.netdna-ssl.com/landing/wp-content/plugins/js_composer/assets/vc/tick.png]
[demokaliumsites-laborator.netdna-ssl.com/landing/wp-content/plugins/js_composer/assets/vc/exclamation.png]
[demokaliumsites-laborator.netdna-ssl.com/landing/wp-content/plugins/js_composer/assets/images/icons/address-book.png]
[demokaliumsites-laborator.netdna-ssl.com/landing/wp-content/plugins/js_composer/assets/images/icons/application-image.png]
[demokaliumsites-laborator.netdna-ssl.com/landing/wp-content/plugins/js_composer/assets/images/icons/arrow.png]
[demokaliumsites-laborator.netdna-ssl.com/landing/wp-content/plugins/js_composer/assets/images/icons/asterisk.png]
[demokaliumsites-laborator.netdna-ssl.com/landing/wp-content/plugins/js_composer/assets/images/icons/auction-hammer.png]
[demokaliumsites-laborator.netdna-ssl.com/landing/wp-content/plugins/js_composer/assets/images/icons/balloon.png]
[demokaliumsites-laborator.netdna-ssl.com/landing/wp-content/plugins/js_composer/assets/images/icons/balloon-buzz.png]
[demokaliumsites-laborator.netdna-ssl.com/landing/wp-content/plugins/js_composer/assets/images/icons/balloon-facebook.png]
[demokaliumsites-laborator.netdna-ssl.com/landing/wp-content/plugins/js_composer/assets/images/icons/balloon-twitter.png]
[demokaliumsites-laborator.netdna-ssl.com/landing/wp-content/plugins/js_composer/assets/images/icons/battery-full.png]
[demokaliumsites-laborator.netdna-ssl.com/landing/wp-content/plugins/js_composer/assets/images/icons/binocular.png]
[demokaliumsites-laborator.netdna-ssl.com/landing/wp-content/plugins/js_composer/assets/images/icons/blue-document-excel.png]
[demokaliumsites-laborator.netdna-ssl.com/landing/wp-content/plugins/js_composer/assets/images/icons/blue-document-image.png]
[demokaliumsites-laborator.netdna-ssl.com/landing/wp-content/plugins/js_composer/assets/images/icons/blue-document-music.png]
[demokaliumsites-laborator.netdna-ssl.com/landing/wp-content/plugins/js_composer/assets/images/icons/blue-document-office.png]
[demokaliumsites-laborator.netdna-ssl.com/landing/wp-content/plugins/js_composer/assets/images/icons/blue-document-pdf.png]
[demokaliumsites-laborator.netdna-ssl.com/landing/wp-content/plugins/js_composer/assets/images/icons/blue-document-powerpoint.png]
[demokaliumsites-laborator.netdna-ssl.com/landing/wp-content/plugins/js_composer/assets/images/icons/blue-document-word.png]
[demokaliumsites-laborator.netdna-ssl.com/landing/wp-content/plugins/js_composer/assets/images/icons/bookmark.png]
[demokaliumsites-laborator.netdna-ssl.com/landing/wp-content/plugins/js_composer/assets/images/icons/camcorder.png]
[demokaliumsites-laborator.netdna-ssl.com/landing/wp-content/plugins/js_composer/assets/images/icons/camera.png]
[demokaliumsites-laborator.netdna-ssl.com/landing/wp-content/plugins/js_composer/assets/images/icons/chart.png]
[demokaliumsites-laborator.netdna-ssl.com/landing/wp-content/plugins/js_composer/assets/images/icons/chart-pie.png]
[demokaliumsites-laborator.netdna-ssl.com/landing/wp-content/plugins/js_composer/assets/images/icons/clock.png]
[demokaliumsites-laborator.netdna-ssl.com/landing/wp-content/plugins/js_composer/assets/images/icons/control.png]
[demokaliumsites-laborator.netdna-ssl.com/landing/wp-content/plugins/js_composer/assets/images/icons/fire.png]
[demokaliumsites-laborator.netdna-ssl.com/landing/wp-content/plugins/js_composer/assets/images/icons/heart.png]
[demokaliumsites-laborator.netdna-ssl.com/landing/wp-content/plugins/js_composer/assets/images/icons/mail.png]
[demokaliumsites-laborator.netdna-ssl.com/landing/wp-content/plugins/js_composer/assets/images/icons/plus-shield.png]
[demokaliumsites-laborator.netdna-ssl.com/landing/wp-content/plugins/js_composer/assets/images/icons/video.png]
[demokaliumsites-laborator.netdna-ssl.com/landing/wp-content/plugins/js_composer/assets/images/toggle_open.png]
[demokaliumsites-laborator.netdna-ssl.com/landing/wp-content/plugins/js_composer/assets/images/toggle_close.png]
[demokaliumsites-laborator.netdna-ssl.com/landing/wp-content/plugins/js_composer/assets/images/flickr.png]
[demokaliumsites-laborator.netdna-ssl.com/landing/wp-content/plugins/js_composer/assets/images/spinner.gif]
[demokaliumsites-laborator.netdna-ssl.com/landing/wp-content/plugins/js_composer/assets/vc/remove.png]
[demokaliumsites-laborator.netdna-ssl.com/landing/wp-content/plugins/js_composer/assets/css/js_composer.min7661.css]
[connect.facebook.net/en_US/fbevents.js]
[demokaliumsites-laborator.netdna-ssl.com/landing/wp-content/uploads/2016/05/watch-shadow-1.png]
[demokaliumsites-laborator.netdna-ssl.com/landing/wp-content/plugins/revslider/public/assets/js/jquery.themepunch.tools.min035f.js]
[demokaliumsites-laborator.netdna-ssl.com/landing/wp-content/uploads/2016/05/weather-1.png]
[demokaliumsites-laborator.netdna-ssl.com/landing/wp-content/uploads/2016/05/accurate.png]
[demokaliumsites-laborator.netdna-ssl.com/landing/wp-content/uploads/2016/05/watch-3.png]
[demokaliumsites-laborator.netdna-ssl.com/landing/wp-content/uploads/2016/05/appstore-300x85.png]
[demokaliumsites-laborator.netdna-ssl.com/landing/wp-content/themes/kalium/assets/js/main.min6b25.js]
[demokaliumsites-laborator.netdna-ssl.com/landing/wp-content/plugins/revslider/public/assets/css/openhand.html]
[demokaliumsites-laborator.netdna-ssl.com/landing/wp-content/plugins/revslider/public/assets/css/closedhand.html]
[demokaliumsites-laborator.netdna-ssl.com/landing/wp-content/themes/kalium/assets/css/fonts/font-awesome/fonts/fontawesome-webfont3e6e.html]
[demokaliumsites-laborator.netdna-ssl.com/landing/wp-content/themes/kalium/assets/css/fonts/flaticons-custom/flaticon.svg]
[demokaliumsites-laborator.netdna-ssl.com/landing/wp-content/themes/kalium/assets/images/icons/eye.gif]
[demokaliumsites-laborator.netdna-ssl.com/landing/wp-content/themes/kalium/assets/css/fonts/font-awesome/fonts/fontawesome-webfont3e6e.eot]
[demokaliumsites-laborator.netdna-ssl.com/landing/wp-content/themes/kalium/assets/css/fonts/font-awesome/fonts/fontawesome-webfont3e6e.svg]
[demokaliumsites-laborator.netdna-ssl.com/landing/wp-content/plugins/js_composer/assets/images/icons/alarm-clock.png]
[demokaliumsites-laborator.netdna-ssl.com/landing/wp-content/themes/kalium/assets/css/fonts/font-awesome/fonts/fontawesome-webfont3e6e.svg]
[demokaliumsites-laborator.netdna-ssl.com/landing/wp-content/plugins/js_composer/assets/images/icons/anchor.png]
[demokaliumsites-laborator.netdna-ssl.com/landing/wp-content/plugins/js_composer/assets/lib/bower/animate-css/animate.min7661.css]
[demokaliumsites-laborator.netdna-ssl.com/landing/wp-content/plugins/js_composer/assets/lib/bower/animate-css/animate.min7661.css]
[demokaliumsites-laborator.netdna-ssl.com/landing/wp-includes/js/wp-embed.min4a41.js]
[demokaliumsites-laborator.netdna-ssl.com/landing/wp-content/themes/kalium/assets/css/fonts/linea-iconfont/fonts/linead41d.eot]
[demokaliumsites-laborator.netdna-ssl.com/landing/wp-content/themes/kalium/assets/css/fonts/linea-iconfont/fonts/linea.svg]
[demokaliumsites-laborator.netdna-ssl.com/landing/wp-content/themes/kalium/assets/css/fonts/linea-iconfont/fonts/linea.svg]
